// Jest Snapshot v1, https://goo.gl/fbAQLP

exports[`Should renders correctly 1`] = `
<div
  className="quote"
>
  <h1>
     QUOTE
  </h1>
  <p>
    “Any fool can write code that a computer can understand. Good programmers write code that humans can understand.”
  </p>
  <p>
    – Martin Fowler
  </p>
</div>
`;
